[2025-08-25T19:33:41.735+0000] {manager.py:487} INFO - Processing files using up to 2 processes at a time 
[2025-08-25T19:33:41.738+0000] {manager.py:488} INFO - Process each file at most once every 30 seconds
[2025-08-25T19:33:41.742+0000] {manager.py:489} INFO - Checking for new files in /opt/airflow/dags every 300 seconds
[2025-08-25T19:33:41.746+0000] {manager.py:755} INFO - Searching for files in /opt/airflow/dags
[2025-08-25T19:33:41.762+0000] {manager.py:758} INFO - There are 0 files in /opt/airflow/dags
[2025-08-25T19:35:55.352+0000] {manager.py:469} INFO - Exiting gracefully upon receiving signal 15
[2025-08-25T19:36:39.885+0000] {manager.py:487} INFO - Processing files using up to 2 processes at a time 
[2025-08-25T19:36:39.892+0000] {manager.py:488} INFO - Process each file at most once every 30 seconds
[2025-08-25T19:36:39.902+0000] {manager.py:489} INFO - Checking for new files in /opt/airflow/dags every 300 seconds
[2025-08-25T19:36:39.921+0000] {manager.py:755} INFO - Searching for files in /opt/airflow/dags
[2025-08-25T19:36:39.971+0000] {manager.py:758} INFO - There are 0 files in /opt/airflow/dags
[2025-08-25T19:39:07.110+0000] {manager.py:469} INFO - Exiting gracefully upon receiving signal 15
[2025-08-25T19:39:52.313+0000] {manager.py:487} INFO - Processing files using up to 2 processes at a time 
[2025-08-25T19:39:52.320+0000] {manager.py:488} INFO - Process each file at most once every 30 seconds
[2025-08-25T19:39:52.325+0000] {manager.py:489} INFO - Checking for new files in /opt/airflow/dags every 300 seconds
[2025-08-25T19:39:52.329+0000] {manager.py:755} INFO - Searching for files in /opt/airflow/dags
[2025-08-25T19:39:52.355+0000] {manager.py:758} INFO - There are 0 files in /opt/airflow/dags
[2025-08-25T19:40:47.000+0000] {manager.py:469} INFO - Exiting gracefully upon receiving signal 15
[2025-08-26T04:19:02.633+0000] {manager.py:487} INFO - Processing files using up to 2 processes at a time 
[2025-08-26T04:19:02.648+0000] {manager.py:488} INFO - Process each file at most once every 30 seconds
[2025-08-26T04:19:02.670+0000] {manager.py:489} INFO - Checking for new files in /opt/airflow/dags every 300 seconds
[2025-08-26T04:19:02.690+0000] {manager.py:755} INFO - Searching for files in /opt/airflow/dags
[2025-08-26T04:19:02.775+0000] {manager.py:758} INFO - There are 0 files in /opt/airflow/dags
[2025-08-26T04:24:02.805+0000] {manager.py:755} INFO - Searching for files in /opt/airflow/dags
[2025-08-26T04:24:02.833+0000] {manager.py:758} INFO - There are 0 files in /opt/airflow/dags
[2025-08-26T04:29:03.749+0000] {manager.py:755} INFO - Searching for files in /opt/airflow/dags
[2025-08-26T04:29:03.769+0000] {manager.py:758} INFO - There are 0 files in /opt/airflow/dags
[2025-08-26T04:34:04.640+0000] {manager.py:755} INFO - Searching for files in /opt/airflow/dags
[2025-08-26T04:34:04.668+0000] {manager.py:758} INFO - There are 0 files in /opt/airflow/dags
[2025-08-26T04:39:05.511+0000] {manager.py:755} INFO - Searching for files in /opt/airflow/dags
[2025-08-26T04:39:05.527+0000] {manager.py:758} INFO - There are 0 files in /opt/airflow/dags
[2025-08-26T04:44:06.398+0000] {manager.py:755} INFO - Searching for files in /opt/airflow/dags
[2025-08-26T04:44:06.418+0000] {manager.py:758} INFO - There are 0 files in /opt/airflow/dags
